============================================================
  Generated by:           Genus(TM) Synthesis Solution 23.16-s067_1
  Generated on:           Jun 03 2026  03:05:23 pm
  Module:                 top_module
  Technology library:     typical 
  Operating conditions:   typical (balanced_tree)
  Wireload mode:          enclosed
  Area mode:              timing library
============================================================

 
  Hierarchy Report Format : 
 
    level instance ( module ) <status>
 
    status :    preserve_<value> -- indicating preserve hierachy or inherited_preserve value
           :    blackbox --  indicating  unresolved instance
 
==================================================================

 0 top_module
  1 program_counter ( program_counter ) 
  1 mux_for_pc ( mux_for_pc ) 
     2 mux_30_21 ( bmux ) 
  1 instr_decoder ( instr_decoder ) 
  1 immediate_extender ( immediate_extender ) 
     2 mux_immext_30_14 ( bmux_2 ) 
  1 alu_control ( alu_control ) 
     2 ctl_funct3_41_18 ( case_box ) 
     2 mux_aluctrl_41_18 ( mux ) 
     2 ctl_55_13 ( case_box_1 ) 
     2 mux_aluctrl_55_13 ( mux_3 ) 
     2 ctl_funct3_72_18 ( case_box_4 ) 
     2 mux_aluctrl_72_18 ( mux_4 ) 
     2 mux_aluctrl_82_31 ( bmux_5 ) 
     2 ctl_72_18 ( case_box_7 ) 
     2 mux_aluctrl_72_3 ( mux_6 ) 
     2 mux_aluctrl_34_10 ( bmux_7 ) 
     2 ctl_aluop_34_10 ( case_box_10 ) 
  1 alu ( alu ) 
     2 g1 ( and_op ) 
     2 g2 ( or_op ) 
     2 g3 ( xor_op ) 
     2 add_34_23 ( add_unsigned ) 
     2 sub_35_23 ( sub_unsigned ) 
     2 sll_39_23 ( shift_left_vlog_unsigned ) 
     2 srl_40_23 ( shift_right_vlog_unsigned ) 
     2 sra_41_32 ( arith_shift_right_vlog_signed ) 
     2 lt_42_33 ( lt_signed ) 
     2 lt_50_25 ( lt_unsigned ) 
     2 eq_59_25 ( equal_unsigned_490 ) 
     2 neq_60_25 ( nequal_unsigned ) 
     2 gte_62_34 ( geq_signed ) 
     2 gte_63_25 ( geq_unsigned ) 
     2 add_67_24 ( add_unsigned_493 ) 
     2 eq_79_27 ( equal_unsigned_495 ) 
     2 mux_42_33 ( bmux_496 ) 
     2 mux_50_25 ( bmux_496 ) 
     2 ctl_aluctrl_31_14 ( case_box_17 ) 
     2 mux_result_31_14 ( mux_499 ) 
  1 mux_for_alu ( mux_for_alu ) 
     2 mux_30_16 ( bmux ) 
  1 mux_for_result ( mux_for_result ) 
     2 mux_result_33_14 ( bmux_501 ) 
  1 pcadder ( pcadder ) 
     2 add_28_25 ( add_unsigned_493 ) 
  1 pc_target ( pc_target ) 
     2 add_29_26 ( add_unsigned ) 
  1 cu ( control_unit ) 
     2 ctl_41_10 ( case_box_19 ) 
     2 mux_cmbsop_regwrite_41_10 ( mux_506 ) 
  1 dm ( data_memory ) 
     2 mux_mem[addr]_39_17 ( bmux_507 ) 
     2 ctl_addr_35_13 ( case_box_52 ) 
  1 rf ( reg_file ) 
     2 mux_regf[rs2]_42_31 ( bmux_507 ) 
     2 mux_42_23 ( bmux ) 
     2 mux_regf[rs1]_41_31 ( bmux_507 ) 
     2 mux_41_23 ( bmux ) 
     2 ctl_rd_38_13 ( case_box_85 ) 
