============================================================
  Generated by:           Genus(TM) Synthesis Solution 23.16-s067_1
  Generated on:           Jun 03 2026  03:06:35 pm
  Module:                 top_module
  Operating conditions:   typical (balanced_tree)
  Wireload mode:          enclosed
  Area mode:              timing library
============================================================

Timing
--------

Clock  Period 
--------------
clk   10000.0 


  Cost    Critical         Violating 
 Group   Path Slack  TNS     Paths   
-------------------------------------
clk          3881.9   0.0          0 
default    No paths   0.0            
-------------------------------------
Total                 0.0          0 

Instance Count
--------------
Leaf Instance Count             3906 
Physical Instance count            0 
Sequential Instance Count       1029 
Combinational Instance Count    2877 
Hierarchical Instance Count        0 

Area
----
Cell Area                          36458.359
Physical Cell Area                 0.000
Total Cell Area (Cell+Physical)    36458.359
Net Area                           0.000
Total Area (Cell+Physical+Net)     36458.359

Max Fanout                         1024 (clk)
Min Fanout                         1 (instr[0])
Average Fanout                     3.4
Terms to net ratio                 4.3664
Terms to instance ratio            4.4759
Runtime                            88.29273799999999 seconds
Elapsed Runtime                    90 seconds
Genus peak memory usage            1992.88 
Innovus peak memory usage          no_value 
Hostname                           vlsilab.iitbbs.ac.in
