============================================================
  Generated by:           Genus(TM) Synthesis Solution 23.16-s067_1
  Generated on:           May 30 2026  02:35:05 pm
  Module:                 top_module
  Operating conditions:   typical (balanced_tree)
  Wireload mode:          enclosed
  Area mode:              timing library
============================================================


Path 1: MET (4796 ps) Setup Check with Pin program_counter_pc_reg[2]/CK->D
          Group: clk
     Startpoint: (R) rf_regf_reg[2][0]/CK
          Clock: (R) clk
       Endpoint: (R) program_counter_pc_reg[2]/D
          Clock: (R) clk

                     Capture       Launch     
        Clock Edge:+   10000            0     
       Src Latency:+       0            0     
       Net Latency:+       0 (I)        0 (I) 
           Arrival:=   10000            0     
                                              
             Setup:-      80                  
     Required Time:=    9920                  
      Launch Clock:-       0                  
         Data Path:-    5124                  
             Slack:=    4796                  

#---------------------------------------------------------------------------------------------------------------------------------
#                     Timing Point                       Flags    Arc   Edge   Cell     Fanout  Load Trans Delay Arrival Instance 
#                                                                                               (fF)  (ps)  (ps)   (ps)  Location 
#---------------------------------------------------------------------------------------------------------------------------------
  rf_regf_reg[2][0]/CK                                   -       -      R     (arrival)   1024     -     0     0       0    (-,-) 
  rf_regf_reg[2][0]/Q                                    -       CK->Q  F     SDFFQX1        3   5.2    26   140     140    (-,-) 
  g3571__5115/Y                                          -       A0->Y  R     AOI222XL       1   2.9   144   119     258    (-,-) 
  g3442__5477/Y                                          -       C->Y   F     NAND3X1        1   1.6    54    39     297    (-,-) 
  g3411__1666/Y                                          -       D->Y   F     OR4XL          1   2.9    38    95     392    (-,-) 
  g37693/Y                                               -       A1->Y  R     OAI211X1      13  30.4   319   192     584    (-,-) 
  g37627/Y                                               -       B->Y   F     NOR2XL         1   3.8   166    23     607    (-,-) 
  alu_add_67_24_Y_alu_add_34_23_Y_alu_sub_35_23_g2704/Y  -       S0->Y  F     MXI2XL         1   5.0   181   106     714    (-,-) 
  alu_add_67_24_Y_alu_add_34_23_Y_alu_sub_35_23_g2686/CO -       CI->CO F     ADDFX1         1   5.0    50   150     864    (-,-) 
  alu_add_67_24_Y_alu_add_34_23_Y_alu_sub_35_23_g2685/CO -       CI->CO F     ADDFX1         1   5.0    51   112     976    (-,-) 
  alu_add_67_24_Y_alu_add_34_23_Y_alu_sub_35_23_g2684/CO -       CI->CO F     ADDFX1         1   5.0    50   112    1088    (-,-) 
  alu_add_67_24_Y_alu_add_34_23_Y_alu_sub_35_23_g2683/CO -       CI->CO F     ADDFX1         1   5.0    51   112    1199    (-,-) 
  alu_add_67_24_Y_alu_add_34_23_Y_alu_sub_35_23_g2682/CO -       CI->CO F     ADDFX1         1   5.0    50   112    1311    (-,-) 
  alu_add_67_24_Y_alu_add_34_23_Y_alu_sub_35_23_g2681/CO -       CI->CO F     ADDFX1         1   5.0    50   112    1423    (-,-) 
  alu_add_67_24_Y_alu_add_34_23_Y_alu_sub_35_23_g2680/CO -       CI->CO F     ADDFX1         1   5.0    51   112    1535    (-,-) 
  alu_add_67_24_Y_alu_add_34_23_Y_alu_sub_35_23_g2679/CO -       CI->CO F     ADDFX1         1   5.0    50   112    1647    (-,-) 
  alu_add_67_24_Y_alu_add_34_23_Y_alu_sub_35_23_g2678/CO -       CI->CO F     ADDFX1         1   5.0    51   112    1758    (-,-) 
  alu_add_67_24_Y_alu_add_34_23_Y_alu_sub_35_23_g2677/CO -       CI->CO F     ADDFX1         1   5.0    50   112    1870    (-,-) 
  alu_add_67_24_Y_alu_add_34_23_Y_alu_sub_35_23_g2676/CO -       CI->CO F     ADDFX1         1   5.0    51   112    1982    (-,-) 
  alu_add_67_24_Y_alu_add_34_23_Y_alu_sub_35_23_g2675/CO -       CI->CO F     ADDFX1         1   5.0    50   112    2094    (-,-) 
  alu_add_67_24_Y_alu_add_34_23_Y_alu_sub_35_23_g2674/CO -       CI->CO F     ADDFX1         1   5.0    50   112    2206    (-,-) 
  alu_add_67_24_Y_alu_add_34_23_Y_alu_sub_35_23_g2673/CO -       CI->CO F     ADDFX1         1   5.0    51   112    2317    (-,-) 
  alu_add_67_24_Y_alu_add_34_23_Y_alu_sub_35_23_g2672/CO -       CI->CO F     ADDFX1         1   5.0    50   112    2429    (-,-) 
  alu_add_67_24_Y_alu_add_34_23_Y_alu_sub_35_23_g2671/CO -       CI->CO F     ADDFX1         1   5.0    51   112    2541    (-,-) 
  alu_add_67_24_Y_alu_add_34_23_Y_alu_sub_35_23_g2670/CO -       CI->CO F     ADDFX1         1   5.0    51   112    2653    (-,-) 
  alu_add_67_24_Y_alu_add_34_23_Y_alu_sub_35_23_g2669/CO -       CI->CO F     ADDFX1         1   5.0    50   112    2765    (-,-) 
  alu_add_67_24_Y_alu_add_34_23_Y_alu_sub_35_23_g2668/CO -       CI->CO F     ADDFX1         1   5.0    50   112    2876    (-,-) 
  alu_add_67_24_Y_alu_add_34_23_Y_alu_sub_35_23_g2667/CO -       CI->CO F     ADDFX1         1   5.0    49   112    2988    (-,-) 
  alu_add_67_24_Y_alu_add_34_23_Y_alu_sub_35_23_g2666/CO -       CI->CO F     ADDFX1         1   5.0    50   112    3100    (-,-) 
  alu_add_67_24_Y_alu_add_34_23_Y_alu_sub_35_23_g2665/CO -       CI->CO F     ADDFX1         1   5.0    51   112    3211    (-,-) 
  alu_add_67_24_Y_alu_add_34_23_Y_alu_sub_35_23_g2664/CO -       CI->CO F     ADDFX1         1   5.0    51   112    3323    (-,-) 
  alu_add_67_24_Y_alu_add_34_23_Y_alu_sub_35_23_g2663/CO -       CI->CO F     ADDFX1         1   5.0    51   112    3435    (-,-) 
  alu_add_67_24_Y_alu_add_34_23_Y_alu_sub_35_23_g2662/CO -       CI->CO F     ADDFX1         1   5.0    51   112    3547    (-,-) 
  alu_add_67_24_Y_alu_add_34_23_Y_alu_sub_35_23_g2661/CO -       CI->CO F     ADDFX1         1   5.0    50   112    3659    (-,-) 
  alu_add_67_24_Y_alu_add_34_23_Y_alu_sub_35_23_g2660/CO -       CI->CO F     ADDFX1         1   5.0    51   112    3771    (-,-) 
  alu_add_67_24_Y_alu_add_34_23_Y_alu_sub_35_23_g2659/CO -       CI->CO F     ADDFX1         1   5.0    52   112    3883    (-,-) 
  alu_add_67_24_Y_alu_add_34_23_Y_alu_sub_35_23_g2658/CO -       CI->CO F     ADDFXL         1   5.0    58   113    3996    (-,-) 
  alu_add_67_24_Y_alu_add_34_23_Y_alu_sub_35_23_g2657/CO -       CI->CO F     ADDFX1         1   5.0    52   114    4110    (-,-) 
  alu_add_67_24_Y_alu_add_34_23_Y_alu_sub_35_23_g2656/CO -       CI->CO F     ADDFX1         2   4.5    50   110    4221    (-,-) 
  alu_add_67_24_Y_alu_add_34_23_Y_alu_sub_35_23_g2654/Y  -       A1->Y  R     OAI21X1        1   2.9    47    48    4269    (-,-) 
  g50354/Y                                               -       A1->Y  F     AOI211X1       1   2.9   147    36    4305    (-,-) 
  g50334/Y                                               -       C0->Y  R     OAI211X1       2   4.7    83    59    4364    (-,-) 
  g54035/Y                                               -       B->Y   F     NOR2XL         1   2.9    39    27    4391    (-,-) 
  g52979/Y                                               -       B->Y   R     NAND3X1        1   1.8    25    29    4420    (-,-) 
  g54069/Y                                               -       C->Y   F     NOR3BXL        1   1.7    28    19    4439    (-,-) 
  g52977/Y                                               -       A1N->Y F     OAI2BB1X1     33 122.4   591   448    4887    (-,-) 
  g52976/Y                                               -       B->Y   R     NOR2XL         1   2.8   146   165    5052    (-,-) 
  g52959/Y                                               -       B0->Y  F     AOI21X1        1   1.8   120    13    5065    (-,-) 
  g52928/Y                                               -       B->Y   R     NOR2XL         1   1.6    52    58    5124    (-,-) 
  program_counter_pc_reg[2]/D                            <<<     -      R     DFFQX1         1     -     -     0    5124    (-,-) 
#---------------------------------------------------------------------------------------------------------------------------------

